["Main.CAF (<entire-module>)","Main.err2 (ioerr.hs:14:1-43)","Main.error2 (ioerr.hs:14:27-43)","Main.main (ioerr.hs:16:1-103)","Main.main.\\ (ioerr.hs:16:81-102)"]
